$ turbo run build
• turbo 2.7.2
 WARNING  An issue occurred while attempting to parse /home/nakamoto/dev/promptdex-web-frontend/bun.lock. Turborepo will still function, but some features may not be available:
   x Could not resolve workspaces.
  |-> Unable to convert from json: missing
  |   field `name` at line 27 column 3
  `-> missing field `name` at line 27
      column 3

• Packages in scope: @repo/actions, @repo/ai, @repo/common, @repo/orchestrator, @repo/prisma, @repo/shared, @repo/tailwind-config, @repo/typescript-config, @repo/ui, llmchat-web
• Running build in 10 packages
• Remote caching disabled
llmchat-web:build: cache miss, executing 906998bf3193edcb
llmchat-web:build: $ cd ../../packages/prisma && bun prisma generate && cd ../../apps/web && next build
llmchat-web:build: Prisma schema loaded from schema.prisma
llmchat-web:build: 
llmchat-web:build: ✔ Generated Prisma Client (v6.0.1) to ./../../node_modules/.bun/@prisma+client@6.0.1+85826eab7d1bd5ab/node_modules/@prisma/client in 99ms
llmchat-web:build: 
llmchat-web:build: Start by importing your Prisma Client (See: https://pris.ly/d/importing-client)
llmchat-web:build: 
llmchat-web:build: Tip: Interested in query caching in just a few lines of code? Try Accelerate today! https://pris.ly/tip-3-accelerate
llmchat-web:build: 
llmchat-web:build:    ▲ Next.js 15.5.9
llmchat-web:build:    - Experiments (use with caution):
llmchat-web:build:      ✓ externalDir
llmchat-web:build:      · clientTraceMetadata
llmchat-web:build: 
llmchat-web:build:    Creating an optimized production build ...
llmchat-web:build: 
llmchat-web:build: warn - The class `duration-[1000ms]` is ambiguous and matches multiple utilities.
llmchat-web:build: warn - If this is content and not a class, replace it with `duration-&lsqb;1000ms&rsqb;` to silence this warning.
llmchat-web:build:  ✓ Compiled successfully in 30.0s
llmchat-web:build:    Linting and checking validity of types ...
llmchat-web:build:    Collecting page data ...
llmchat-web:build: [Upstash Redis] The 'url' property is missing or undefined in your Redis config.
llmchat-web:build: [Upstash Redis] The 'token' property is missing or undefined in your Redis config.
llmchat-web:build: [Upstash Redis] The 'url' property is missing or undefined in your Redis config.
llmchat-web:build: [Upstash Redis] The 'token' property is missing or undefined in your Redis config.
llmchat-web:build:    Generating static pages (0/12) ...
llmchat-web:build:    Generating static pages (3/12) 
llmchat-web:build:    Generating static pages (6/12) 
llmchat-web:build:    Generating static pages (9/12) 
llmchat-web:build:  ✓ Generating static pages (12/12)
llmchat-web:build: [Upstash Redis] The 'url' property is missing or undefined in your Redis config.
llmchat-web:build: [Upstash Redis] The 'token' property is missing or undefined in your Redis config.
llmchat-web:build: [Upstash Redis] The 'url' property is missing or undefined in your Redis config.
llmchat-web:build: [Upstash Redis] The 'token' property is missing or undefined in your Redis config.
llmchat-web:build:    Finalizing page optimization ...
llmchat-web:build:    Collecting build traces ...
llmchat-web:build: 
llmchat-web:build: Route (app)                                 Size  First Load JS
llmchat-web:build: ┌ ƒ /                                      489 B         894 kB
llmchat-web:build: ├ ƒ /_not-found                            331 B         219 kB
llmchat-web:build: ├ ƒ /api/completion                        332 B         219 kB
llmchat-web:build: ├ ƒ /api/feedback                          331 B         219 kB
llmchat-web:build: ├ ƒ /api/mcp/messages                      332 B         219 kB
llmchat-web:build: ├ ƒ /api/mcp/proxy                         332 B         219 kB
llmchat-web:build: ├ ƒ /api/messages/remaining                332 B         219 kB
llmchat-web:build: ├ ○ /apple-icon.png                          0 B            0 B
llmchat-web:build: ├ ƒ /chat                                  535 B         894 kB
llmchat-web:build: ├ ƒ /chat/[threadId]                       886 B         894 kB
llmchat-web:build: ├ ƒ /designer                            2.28 kB         426 kB
llmchat-web:build: ├ ○ /icon.svg                                0 B            0 B
llmchat-web:build: ├ ○ /manifest.webmanifest                  332 B         219 kB
llmchat-web:build: ├ ○ /opengraph-image.png                     0 B            0 B
llmchat-web:build: ├ ƒ /privacy                               416 B         894 kB
llmchat-web:build: ├ ƒ /recent                               1.8 kB         466 kB
llmchat-web:build: ├ ƒ /sign-in                               702 B         894 kB
llmchat-web:build: ├ ƒ /sign-in/sso-callback                  427 B         245 kB
llmchat-web:build: ├ ƒ /sign-up/sso-callback                  427 B         245 kB
llmchat-web:build: ├ ƒ /template/[slug]                     2.88 kB         472 kB
llmchat-web:build: ├ ƒ /templates                             559 B         894 kB
llmchat-web:build: ├ ƒ /terms                                 416 B         894 kB
llmchat-web:build: └ ○ /twitter-image.png                       0 B            0 B
llmchat-web:build: + First Load JS shared by all             218 kB
llmchat-web:build:   ├ chunks/1743-9c8f2218ade24ee7.js       122 kB
llmchat-web:build:   ├ chunks/43a61edd-80e3088e6571e814.js  38.4 kB
llmchat-web:build:   ├ chunks/70d500d7-812d178b4995c1d6.js  54.4 kB
llmchat-web:build:   └ other shared chunks (total)          3.15 kB
llmchat-web:build: 
llmchat-web:build: 
llmchat-web:build: ƒ Middleware                              138 kB
llmchat-web:build: 
llmchat-web:build: ○  (Static)   prerendered as static content
llmchat-web:build: ƒ  (Dynamic)  server-rendered on demand
llmchat-web:build: 

 Tasks:    1 successful, 1 total
Cached:    0 cached, 1 total
  Time:    1m48.01s 

